&diff_dtos.SchemaDiff{
    createdSchemas: {},
    droppedSchemas: {"public"},
    createdTables:  {
    },
    alteredTables: {
    },
    droppedTables: {
        &assets.Table{
            AbstractAsset: &assets.AbstractAsset{name:"user_profile", namespace:"", quoted:false},
            columns:       &orderedmap.OrderedMap[string,*github.com/KoNekoD/gormite/pkg/assets.Column]{
                kv: {
                    "age": &orderedmap.Element[string,*github.com/KoNekoD/gormite/pkg/assets.Column]{
                        next: (*orderedmap.Element[string,*github.com/KoNekoD/gormite/pkg/assets.Column])(nil),
                        prev: &orderedmap.Element[string,*github.com/KoNekoD/gormite/pkg/assets.Column]{
                            next: &orderedmap.Element[string,*github.com/KoNekoD/gormite/pkg/assets.Column]{(CYCLIC REFERENCE)},
                            prev: &orderedmap.Element[string,*github.com/KoNekoD/gormite/pkg/assets.Column]{
                                next:  &orderedmap.Element[string,*github.com/KoNekoD/gormite/pkg/assets.Column]{(CYCLIC REFERENCE)},
                                prev:  (*orderedmap.Element[string,*github.com/KoNekoD/gormite/pkg/assets.Column])(nil),
                                Key:   "id",
                                Value: &assets.Column{
                                    AbstractAsset: &assets.AbstractAsset{name:"id", namespace:"", quoted:false},
                                    columnType:    &types.IntegerType{
                                        AbstractType: &types.AbstractType{},
                                    },
                                    length:          (*int)(nil),
                                    precision:       (*int)(nil),
                                    scale:           0,
                                    unsigned:        false,
                                    fixed:           false,
                                    notnull:         true,
                                    columnDefault:   (*string)(nil),
                                    autoincrement:   false,
                                    platformOptions: {
                                    },
                                    columnDefinition: (*string)(nil),
                                    comment:          "",
                                },
                            },
                            Key:   "user_id",
                            Value: &assets.Column{
                                AbstractAsset: &assets.AbstractAsset{name:"user_id", namespace:"", quoted:false},
                                columnType:    &types.IntegerType{
                                    AbstractType: &types.AbstractType{},
                                },
                                length:          (*int)(nil),
                                precision:       (*int)(nil),
                                scale:           0,
                                unsigned:        false,
                                fixed:           false,
                                notnull:         true,
                                columnDefault:   (*string)(nil),
                                autoincrement:   false,
                                platformOptions: {
                                },
                                columnDefinition: (*string)(nil),
                                comment:          "",
                            },
                        },
                        Key:   "age",
                        Value: &assets.Column{
                            AbstractAsset: &assets.AbstractAsset{name:"age", namespace:"", quoted:false},
                            columnType:    &types.IntegerType{
                                AbstractType: &types.AbstractType{},
                            },
                            length:          (*int)(nil),
                            precision:       (*int)(nil),
                            scale:           0,
                            unsigned:        false,
                            fixed:           false,
                            notnull:         true,
                            columnDefault:   (*string)(nil),
                            autoincrement:   false,
                            platformOptions: {
                            },
                            columnDefinition: (*string)(nil),
                            comment:          "",
                        },
                    },
                    "id": &orderedmap.Element[string,*github.com/KoNekoD/gormite/pkg/assets.Column]{
                        next: &orderedmap.Element[string,*github.com/KoNekoD/gormite/pkg/assets.Column]{
                            next:  &orderedmap.Element[string,*github.com/KoNekoD/gormite/pkg/assets.Column]{(CYCLIC REFERENCE)},
                            prev:  &orderedmap.Element[string,*github.com/KoNekoD/gormite/pkg/assets.Column]{(CYCLIC REFERENCE)},
                            Key:   "user_id",
                            Value: &assets.Column{
                                AbstractAsset: &assets.AbstractAsset{name:"user_id", namespace:"", quoted:false},
                                columnType:    &types.IntegerType{
                                    AbstractType: &types.AbstractType{(CYCLIC REFERENCE)},
                                },
                                length:          (*int)(nil),
                                precision:       (*int)(nil),
                                scale:           0,
                                unsigned:        false,
                                fixed:           false,
                                notnull:         true,
                                columnDefault:   (*string)(nil),
                                autoincrement:   false,
                                platformOptions: {
                                },
                                columnDefinition: (*string)(nil),
                                comment:          "",
                            },
                        },
                        prev:  (*orderedmap.Element[string,*github.com/KoNekoD/gormite/pkg/assets.Column])(nil),
                        Key:   "id",
                        Value: &assets.Column{
                            AbstractAsset: &assets.AbstractAsset{name:"id", namespace:"", quoted:false},
                            columnType:    &types.IntegerType{
                                AbstractType: &types.AbstractType{},
                            },
                            length:          (*int)(nil),
                            precision:       (*int)(nil),
                            scale:           0,
                            unsigned:        false,
                            fixed:           false,
                            notnull:         true,
                            columnDefault:   (*string)(nil),
                            autoincrement:   false,
                            platformOptions: {
                            },
                            columnDefinition: (*string)(nil),
                            comment:          "",
                        },
                    },
                    "user_id": &orderedmap.Element[string,*github.com/KoNekoD/gormite/pkg/assets.Column]{
                        next:  &orderedmap.Element[string,*github.com/KoNekoD/gormite/pkg/assets.Column]{(CYCLIC REFERENCE)},
                        prev:  &orderedmap.Element[string,*github.com/KoNekoD/gormite/pkg/assets.Column]{(CYCLIC REFERENCE)},
                        Key:   "user_id",
                        Value: &assets.Column{
                            AbstractAsset: &assets.AbstractAsset{name:"user_id", namespace:"", quoted:false},
                            columnType:    &types.IntegerType{
                                AbstractType: &types.AbstractType{},
                            },
                            length:          (*int)(nil),
                            precision:       (*int)(nil),
                            scale:           0,
                            unsigned:        false,
                            fixed:           false,
                            notnull:         true,
                            columnDefault:   (*string)(nil),
                            autoincrement:   false,
                            platformOptions: {
                            },
                            columnDefinition: (*string)(nil),
                            comment:          "",
                        },
                    },
                },
                ll: orderedmap.list[string,*github.com/KoNekoD/gormite/pkg/assets.Column]{
                    root: orderedmap.Element[string,*github.com/KoNekoD/gormite/pkg/assets.Column]{
                        next: &orderedmap.Element[string,*github.com/KoNekoD/gormite/pkg/assets.Column]{
                            next:  &orderedmap.Element[string,*github.com/KoNekoD/gormite/pkg/assets.Column]{(CYCLIC REFERENCE)},
                            prev:  (*orderedmap.Element[string,*github.com/KoNekoD/gormite/pkg/assets.Column])(nil),
                            Key:   "id",
                            Value: &assets.Column{
                                AbstractAsset: &assets.AbstractAsset{name:"id", namespace:"", quoted:false},
                                columnType:    &types.IntegerType{
                                    AbstractType: &types.AbstractType{},
                                },
                                length:          (*int)(nil),
                                precision:       (*int)(nil),
                                scale:           0,
                                unsigned:        false,
                                fixed:           false,
                                notnull:         true,
                                columnDefault:   (*string)(nil),
                                autoincrement:   false,
                                platformOptions: {
                                },
                                columnDefinition: (*string)(nil),
                                comment:          "",
                            },
                        },
                        prev: &orderedmap.Element[string,*github.com/KoNekoD/gormite/pkg/assets.Column]{
                            next:  (*orderedmap.Element[string,*github.com/KoNekoD/gormite/pkg/assets.Column])(nil),
                            prev:  &orderedmap.Element[string,*github.com/KoNekoD/gormite/pkg/assets.Column]{(CYCLIC REFERENCE)},
                            Key:   "age",
                            Value: &assets.Column{
                                AbstractAsset: &assets.AbstractAsset{name:"age", namespace:"", quoted:false},
                                columnType:    &types.IntegerType{
                                    AbstractType: &types.AbstractType{},
                                },
                                length:          (*int)(nil),
                                precision:       (*int)(nil),
                                scale:           0,
                                unsigned:        false,
                                fixed:           false,
                                notnull:         true,
                                columnDefault:   (*string)(nil),
                                autoincrement:   false,
                                platformOptions: {
                                },
                                columnDefinition: (*string)(nil),
                                comment:          "",
                            },
                        },
                        Key:   "",
                        Value: (*assets.Column)(nil),
                    },
                },
            },
            implicitIndexes: {
            },
            renamedColumns: {},
            indexes:        {
                "user_profile_pkey": &assets.Index{
                    AbstractAsset: &assets.AbstractAsset{name:"user_profile_pkey", namespace:"", quoted:false},
                    columns:       {
                        "id": &assets.Identifier{
                            AbstractAsset: &assets.AbstractAsset{name:"id", namespace:"", quoted:false},
                        },
                    },
                    isPrimary: true,
                    isUnique:  true,
                    flags:     {},
                    options:   {
                    },
                },
            },
            primaryKeyName:    &"user_profile_pkey",
            uniqueConstraints: {
            },
            fkConstraints: {
                "fk_d95ab405a76ed395": &assets.ForeignKeyConstraint{
                    AbstractAsset:    &assets.AbstractAsset{name:"FK_D95AB405A76ED395", namespace:"", quoted:false},
                    localColumnNames: {
                        "user_id": &assets.Identifier{
                            AbstractAsset: &assets.AbstractAsset{name:"user_id", namespace:"", quoted:false},
                        },
                    },
                    foreignTableName: &assets.Identifier{
                        AbstractAsset: &assets.AbstractAsset{name:"app_user", namespace:"", quoted:true},
                    },
                    foreignColumnNames: {
                        "id": &assets.Identifier{
                            AbstractAsset: &assets.AbstractAsset{name:"id", namespace:"", quoted:false},
                        },
                    },
                    options: {},
                },
            },
            options:      {},
            schemaConfig: &dtos.SchemaConfig{
                maxIdentifierLength: 63,
                name:                (*string)(nil),
                defaultTableOptions: {
                },
            },
        },
        &assets.Table{
            AbstractAsset: &assets.AbstractAsset{name:"app_user", namespace:"", quoted:true},
            columns:       &orderedmap.OrderedMap[string,*github.com/KoNekoD/gormite/pkg/assets.Column]{
                kv: {
                    "code": &orderedmap.Element[string,*github.com/KoNekoD/gormite/pkg/assets.Column]{
                        next: &orderedmap.Element[string,*github.com/KoNekoD/gormite/pkg/assets.Column]{
                            next: &orderedmap.Element[string,*github.com/KoNekoD/gormite/pkg/assets.Column]{
                                next:  (*orderedmap.Element[string,*github.com/KoNekoD/gormite/pkg/assets.Column])(nil),
                                prev:  &orderedmap.Element[string,*github.com/KoNekoD/gormite/pkg/assets.Column]{(CYCLIC REFERENCE)},
                                Key:   "is_active",
                                Value: &assets.Column{
                                    AbstractAsset: &assets.AbstractAsset{name:"is_active", namespace:"", quoted:false},
                                    columnType:    &types.BooleanType{
                                        AbstractType: &types.AbstractType{(CYCLIC REFERENCE)},
                                    },
                                    length:          (*int)(nil),
                                    precision:       (*int)(nil),
                                    scale:           0,
                                    unsigned:        false,
                                    fixed:           false,
                                    notnull:         true,
                                    columnDefault:   (*string)(nil),
                                    autoincrement:   false,
                                    platformOptions: {
                                    },
                                    columnDefinition: (*string)(nil),
                                    comment:          "",
                                },
                            },
                            prev:  &orderedmap.Element[string,*github.com/KoNekoD/gormite/pkg/assets.Column]{(CYCLIC REFERENCE)},
                            Key:   "full_name",
                            Value: &assets.Column{
                                AbstractAsset: &assets.AbstractAsset{name:"full_name", namespace:"", quoted:false},
                                columnType:    &types.StringType{
                                    AbstractType: &types.AbstractType{(CYCLIC REFERENCE)},
                                },
                                length:          &int(255),
                                precision:       (*int)(nil),
                                scale:           0,
                                unsigned:        false,
                                fixed:           false,
                                notnull:         true,
                                columnDefault:   &"'Anonymous'",
                                autoincrement:   false,
                                platformOptions: {
                                },
                                columnDefinition: (*string)(nil),
                                comment:          "",
                            },
                        },
                        prev: &orderedmap.Element[string,*github.com/KoNekoD/gormite/pkg/assets.Column]{
                            next: &orderedmap.Element[string,*github.com/KoNekoD/gormite/pkg/assets.Column]{(CYCLIC REFERENCE)},
                            prev: &orderedmap.Element[string,*github.com/KoNekoD/gormite/pkg/assets.Column]{
                                next: &orderedmap.Element[string,*github.com/KoNekoD/gormite/pkg/assets.Column]{(CYCLIC REFERENCE)},
                                prev: &orderedmap.Element[string,*github.com/KoNekoD/gormite/pkg/assets.Column]{
                                    next: &orderedmap.Element[string,*github.com/KoNekoD/gormite/pkg/assets.Column]{(CYCLIC REFERENCE)},
                                    prev: &orderedmap.Element[string,*github.com/KoNekoD/gormite/pkg/assets.Column]{
                                        next:  &orderedmap.Element[string,*github.com/KoNekoD/gormite/pkg/assets.Column]{(CYCLIC REFERENCE)},
                                        prev:  (*orderedmap.Element[string,*github.com/KoNekoD/gormite/pkg/assets.Column])(nil),
                                        Key:   "id",
                                        Value: &assets.Column{
                                            AbstractAsset: &assets.AbstractAsset{name:"id", namespace:"", quoted:false},
                                            columnType:    &types.IntegerType{
                                                AbstractType: &!%v(DEPTH EXCEEDED),
                                            },
                                            length:          (*int)(nil),
                                            precision:       (*int)(nil),
                                            scale:           0,
                                            unsigned:        false,
                                            fixed:           false,
                                            notnull:         true,
                                            columnDefault:   (*string)(nil),
                                            autoincrement:   false,
                                            platformOptions: {
                                            },
                                            columnDefinition: (*string)(nil),
                                            comment:          "",
                                        },
                                    },
                                    Key:   "email",
                                    Value: &assets.Column{
                                        AbstractAsset: &assets.AbstractAsset{name:"email", namespace:"", quoted:false},
                                        columnType:    &types.StringType{
                                            AbstractType: &types.AbstractType{(CYCLIC REFERENCE)},
                                        },
                                        length:          &int(180),
                                        precision:       (*int)(nil),
                                        scale:           0,
                                        unsigned:        false,
                                        fixed:           false,
                                        notnull:         true,
                                        columnDefault:   (*string)(nil),
                                        autoincrement:   false,
                                        platformOptions: {
                                        },
                                        columnDefinition: (*string)(nil),
                                        comment:          "",
                                    },
                                },
                                Key:   "phone",
                                Value: &assets.Column{
                                    AbstractAsset: &assets.AbstractAsset{name:"phone", namespace:"", quoted:false},
                                    columnType:    &types.StringType{
                                        AbstractType: &types.AbstractType{(CYCLIC REFERENCE)},
                                    },
                                    length:          &int(10),
                                    precision:       (*int)(nil),
                                    scale:           0,
                                    unsigned:        false,
                                    fixed:           false,
                                    notnull:         true,
                                    columnDefault:   (*string)(nil),
                                    autoincrement:   false,
                                    platformOptions: {
                                    },
                                    columnDefinition: (*string)(nil),
                                    comment:          "",
                                },
                            },
                            Key:   "identity_type",
                            Value: &assets.Column{
                                AbstractAsset: &assets.AbstractAsset{name:"identity_type", namespace:"", quoted:false},
                                columnType:    &types.StringType{
                                    AbstractType: &types.AbstractType{(CYCLIC REFERENCE)},
                                },
                                length:          &int(255),
                                precision:       (*int)(nil),
                                scale:           0,
                                unsigned:        false,
                                fixed:           false,
                                notnull:         true,
                                columnDefault:   (*string)(nil),
                                autoincrement:   false,
                                platformOptions: {
                                },
                                columnDefinition: (*string)(nil),
                                comment:          "",
                            },
                        },
                        Key:   "code",
                        Value: &assets.Column{
                            AbstractAsset: &assets.AbstractAsset{name:"code", namespace:"", quoted:false},
                            columnType:    &types.StringType{
                                AbstractType: &types.AbstractType{},
                            },
                            length:          &int(255),
                            precision:       (*int)(nil),
                            scale:           0,
                            unsigned:        false,
                            fixed:           false,
                            notnull:         false,
                            columnDefault:   (*string)(nil),
                            autoincrement:   false,
                            platformOptions: {
                            },
                            columnDefinition: (*string)(nil),
                            comment:          "",
                        },
                    },
                    "email": &orderedmap.Element[string,*github.com/KoNekoD/gormite/pkg/assets.Column]{
                        next: &orderedmap.Element[string,*github.com/KoNekoD/gormite/pkg/assets.Column]{
                            next:  &orderedmap.Element[string,*github.com/KoNekoD/gormite/pkg/assets.Column]{(CYCLIC REFERENCE)},
                            prev:  &orderedmap.Element[string,*github.com/KoNekoD/gormite/pkg/assets.Column]{(CYCLIC REFERENCE)},
                            Key:   "phone",
                            Value: &assets.Column{
                                AbstractAsset: &assets.AbstractAsset{name:"phone", namespace:"", quoted:false},
                                columnType:    &types.StringType{
                                    AbstractType: &types.AbstractType{(CYCLIC REFERENCE)},
                                },
                                length:          &int(10),
                                precision:       (*int)(nil),
                                scale:           0,
                                unsigned:        false,
                                fixed:           false,
                                notnull:         true,
                                columnDefault:   (*string)(nil),
                                autoincrement:   false,
                                platformOptions: {
                                },
                                columnDefinition: (*string)(nil),
                                comment:          "",
                            },
                        },
                        prev: &orderedmap.Element[string,*github.com/KoNekoD/gormite/pkg/assets.Column]{
                            next:  &orderedmap.Element[string,*github.com/KoNekoD/gormite/pkg/assets.Column]{(CYCLIC REFERENCE)},
                            prev:  (*orderedmap.Element[string,*github.com/KoNekoD/gormite/pkg/assets.Column])(nil),
                            Key:   "id",
                            Value: &assets.Column{
                                AbstractAsset: &assets.AbstractAsset{name:"id", namespace:"", quoted:false},
                                columnType:    &types.IntegerType{
                                    AbstractType: &types.AbstractType{(CYCLIC REFERENCE)},
                                },
                                length:          (*int)(nil),
                                precision:       (*int)(nil),
                                scale:           0,
                                unsigned:        false,
                                fixed:           false,
                                notnull:         true,
                                columnDefault:   (*string)(nil),
                                autoincrement:   false,
                                platformOptions: {
                                },
                                columnDefinition: (*string)(nil),
                                comment:          "",
                            },
                        },
                        Key:   "email",
                        Value: &assets.Column{
                            AbstractAsset: &assets.AbstractAsset{name:"email", namespace:"", quoted:false},
                            columnType:    &types.StringType{
                                AbstractType: &types.AbstractType{},
                            },
                            length:          &int(180),
                            precision:       (*int)(nil),
                            scale:           0,
                            unsigned:        false,
                            fixed:           false,
                            notnull:         true,
                            columnDefault:   (*string)(nil),
                            autoincrement:   false,
                            platformOptions: {
                            },
                            columnDefinition: (*string)(nil),
                            comment:          "",
                        },
                    },
                    "full_name": &orderedmap.Element[string,*github.com/KoNekoD/gormite/pkg/assets.Column]{
                        next: &orderedmap.Element[string,*github.com/KoNekoD/gormite/pkg/assets.Column]{
                            next:  (*orderedmap.Element[string,*github.com/KoNekoD/gormite/pkg/assets.Column])(nil),
                            prev:  &orderedmap.Element[string,*github.com/KoNekoD/gormite/pkg/assets.Column]{(CYCLIC REFERENCE)},
                            Key:   "is_active",
                            Value: &assets.Column{
                                AbstractAsset: &assets.AbstractAsset{name:"is_active", namespace:"", quoted:false},
                                columnType:    &types.BooleanType{
                                    AbstractType: &types.AbstractType{(CYCLIC REFERENCE)},
                                },
                                length:          (*int)(nil),
                                precision:       (*int)(nil),
                                scale:           0,
                                unsigned:        false,
                                fixed:           false,
                                notnull:         true,
                                columnDefault:   (*string)(nil),
                                autoincrement:   false,
                                platformOptions: {
                                },
                                columnDefinition: (*string)(nil),
                                comment:          "",
                            },
                        },
                        prev:  &orderedmap.Element[string,*github.com/KoNekoD/gormite/pkg/assets.Column]{(CYCLIC REFERENCE)},
                        Key:   "full_name",
                        Value: &assets.Column{
                            AbstractAsset: &assets.AbstractAsset{name:"full_name", namespace:"", quoted:false},
                            columnType:    &types.StringType{
                                AbstractType: &types.AbstractType{},
                            },
                            length:          &int(255),
                            precision:       (*int)(nil),
                            scale:           0,
                            unsigned:        false,
                            fixed:           false,
                            notnull:         true,
                            columnDefault:   &"'Anonymous'",
                            autoincrement:   false,
                            platformOptions: {
                            },
                            columnDefinition: (*string)(nil),
                            comment:          "",
                        },
                    },
                    "id": &orderedmap.Element[string,*github.com/KoNekoD/gormite/pkg/assets.Column]{
                        next:  &orderedmap.Element[string,*github.com/KoNekoD/gormite/pkg/assets.Column]{(CYCLIC REFERENCE)},
                        prev:  (*orderedmap.Element[string,*github.com/KoNekoD/gormite/pkg/assets.Column])(nil),
                        Key:   "id",
                        Value: &assets.Column{
                            AbstractAsset: &assets.AbstractAsset{name:"id", namespace:"", quoted:false},
                            columnType:    &types.IntegerType{
                                AbstractType: &types.AbstractType{},
                            },
                            length:          (*int)(nil),
                            precision:       (*int)(nil),
                            scale:           0,
                            unsigned:        false,
                            fixed:           false,
                            notnull:         true,
                            columnDefault:   (*string)(nil),
                            autoincrement:   false,
                            platformOptions: {
                            },
                            columnDefinition: (*string)(nil),
                            comment:          "",
                        },
                    },
                    "identity_type": &orderedmap.Element[string,*github.com/KoNekoD/gormite/pkg/assets.Column]{
                        next: &orderedmap.Element[string,*github.com/KoNekoD/gormite/pkg/assets.Column]{(CYCLIC REFERENCE)},
                        prev: &orderedmap.Element[string,*github.com/KoNekoD/gormite/pkg/assets.Column]{
                            next:  &orderedmap.Element[string,*github.com/KoNekoD/gormite/pkg/assets.Column]{(CYCLIC REFERENCE)},
                            prev:  &orderedmap.Element[string,*github.com/KoNekoD/gormite/pkg/assets.Column]{(CYCLIC REFERENCE)},
                            Key:   "phone",
                            Value: &assets.Column{
                                AbstractAsset: &assets.AbstractAsset{name:"phone", namespace:"", quoted:false},
                                columnType:    &types.StringType{
                                    AbstractType: &types.AbstractType{(CYCLIC REFERENCE)},
                                },
                                length:          &int(10),
                                precision:       (*int)(nil),
                                scale:           0,
                                unsigned:        false,
                                fixed:           false,
                                notnull:         true,
                                columnDefault:   (*string)(nil),
                                autoincrement:   false,
                                platformOptions: {
                                },
                                columnDefinition: (*string)(nil),
                                comment:          "",
                            },
                        },
                        Key:   "identity_type",
                        Value: &assets.Column{
                            AbstractAsset: &assets.AbstractAsset{name:"identity_type", namespace:"", quoted:false},
                            columnType:    &types.StringType{
                                AbstractType: &types.AbstractType{},
                            },
                            length:          &int(255),
                            precision:       (*int)(nil),
                            scale:           0,
                            unsigned:        false,
                            fixed:           false,
                            notnull:         true,
                            columnDefault:   (*string)(nil),
                            autoincrement:   false,
                            platformOptions: {
                            },
                            columnDefinition: (*string)(nil),
                            comment:          "",
                        },
                    },
                    "is_active": &orderedmap.Element[string,*github.com/KoNekoD/gormite/pkg/assets.Column]{
                        next:  (*orderedmap.Element[string,*github.com/KoNekoD/gormite/pkg/assets.Column])(nil),
                        prev:  &orderedmap.Element[string,*github.com/KoNekoD/gormite/pkg/assets.Column]{(CYCLIC REFERENCE)},
                        Key:   "is_active",
                        Value: &assets.Column{
                            AbstractAsset: &assets.AbstractAsset{name:"is_active", namespace:"", quoted:false},
                            columnType:    &types.BooleanType{
                                AbstractType: &types.AbstractType{},
                            },
                            length:          (*int)(nil),
                            precision:       (*int)(nil),
                            scale:           0,
                            unsigned:        false,
                            fixed:           false,
                            notnull:         true,
                            columnDefault:   (*string)(nil),
                            autoincrement:   false,
                            platformOptions: {
                            },
                            columnDefinition: (*string)(nil),
                            comment:          "",
                        },
                    },
                    "phone": &orderedmap.Element[string,*github.com/KoNekoD/gormite/pkg/assets.Column]{
                        next:  &orderedmap.Element[string,*github.com/KoNekoD/gormite/pkg/assets.Column]{(CYCLIC REFERENCE)},
                        prev:  &orderedmap.Element[string,*github.com/KoNekoD/gormite/pkg/assets.Column]{(CYCLIC REFERENCE)},
                        Key:   "phone",
                        Value: &assets.Column{
                            AbstractAsset: &assets.AbstractAsset{name:"phone", namespace:"", quoted:false},
                            columnType:    &types.StringType{
                                AbstractType: &types.AbstractType{},
                            },
                            length:          &int(10),
                            precision:       (*int)(nil),
                            scale:           0,
                            unsigned:        false,
                            fixed:           false,
                            notnull:         true,
                            columnDefault:   (*string)(nil),
                            autoincrement:   false,
                            platformOptions: {
                            },
                            columnDefinition: (*string)(nil),
                            comment:          "",
                        },
                    },
                },
                ll: orderedmap.list[string,*github.com/KoNekoD/gormite/pkg/assets.Column]{
                    root: orderedmap.Element[string,*github.com/KoNekoD/gormite/pkg/assets.Column]{
                        next: &orderedmap.Element[string,*github.com/KoNekoD/gormite/pkg/assets.Column]{
                            next:  &orderedmap.Element[string,*github.com/KoNekoD/gormite/pkg/assets.Column]{(CYCLIC REFERENCE)},
                            prev:  (*orderedmap.Element[string,*github.com/KoNekoD/gormite/pkg/assets.Column])(nil),
                            Key:   "id",
                            Value: &assets.Column{
                                AbstractAsset: &assets.AbstractAsset{name:"id", namespace:"", quoted:false},
                                columnType:    &types.IntegerType{
                                    AbstractType: &types.AbstractType{},
                                },
                                length:          (*int)(nil),
                                precision:       (*int)(nil),
                                scale:           0,
                                unsigned:        false,
                                fixed:           false,
                                notnull:         true,
                                columnDefault:   (*string)(nil),
                                autoincrement:   false,
                                platformOptions: {
                                },
                                columnDefinition: (*string)(nil),
                                comment:          "",
                            },
                        },
                        prev: &orderedmap.Element[string,*github.com/KoNekoD/gormite/pkg/assets.Column]{
                            next:  (*orderedmap.Element[string,*github.com/KoNekoD/gormite/pkg/assets.Column])(nil),
                            prev:  &orderedmap.Element[string,*github.com/KoNekoD/gormite/pkg/assets.Column]{(CYCLIC REFERENCE)},
                            Key:   "is_active",
                            Value: &assets.Column{
                                AbstractAsset: &assets.AbstractAsset{name:"is_active", namespace:"", quoted:false},
                                columnType:    &types.BooleanType{
                                    AbstractType: &types.AbstractType{},
                                },
                                length:          (*int)(nil),
                                precision:       (*int)(nil),
                                scale:           0,
                                unsigned:        false,
                                fixed:           false,
                                notnull:         true,
                                columnDefault:   (*string)(nil),
                                autoincrement:   false,
                                platformOptions: {
                                },
                                columnDefinition: (*string)(nil),
                                comment:          "",
                            },
                        },
                        Key:   "",
                        Value: (*assets.Column)(nil),
                    },
                },
            },
            implicitIndexes: {
            },
            renamedColumns: {},
            indexes:        {
                "app_user_pkey": &assets.Index{
                    AbstractAsset: &assets.AbstractAsset{name:"app_user_pkey", namespace:"", quoted:false},
                    columns:       {
                        "id": &assets.Identifier{
                            AbstractAsset: &assets.AbstractAsset{name:"id", namespace:"", quoted:false},
                        },
                    },
                    isPrimary: true,
                    isUnique:  true,
                    flags:     {},
                    options:   {
                    },
                },
                "idx__app_user__email__uniq": &assets.Index{
                    AbstractAsset: &assets.AbstractAsset{name:"idx__app_user__email__uniq", namespace:"", quoted:false},
                    columns:       {
                        "email": &assets.Identifier{
                            AbstractAsset: &assets.AbstractAsset{name:"email", namespace:"", quoted:false},
                        },
                    },
                    isPrimary: false,
                    isUnique:  true,
                    flags:     {},
                    options:   {
                        "where": "(identity_type = 'email')",
                    },
                },
                "idx__app_user__phone__uniq": &assets.Index{
                    AbstractAsset: &assets.AbstractAsset{name:"idx__app_user__phone__uniq", namespace:"", quoted:false},
                    columns:       {
                        "phone": &assets.Identifier{
                            AbstractAsset: &assets.AbstractAsset{name:"phone", namespace:"", quoted:false},
                        },
                    },
                    isPrimary: false,
                    isUnique:  true,
                    flags:     {},
                    options:   {
                        "where": "(identity_type = 'phone')",
                    },
                },
                "index_full_name": &assets.Index{
                    AbstractAsset: &assets.AbstractAsset{name:"index_full_name", namespace:"", quoted:false},
                    columns:       {
                        "full_name": &assets.Identifier{
                            AbstractAsset: &assets.AbstractAsset{name:"full_name", namespace:"", quoted:false},
                        },
                    },
                    isPrimary: false,
                    isUnique:  false,
                    flags:     {},
                    options:   {
                        "where": "(is_active = true)",
                    },
                },
            },
            primaryKeyName:    &"app_user_pkey",
            uniqueConstraints: {
            },
            fkConstraints: {
            },
            options:      {},
            schemaConfig: &dtos.SchemaConfig{
                maxIdentifierLength: 63,
                name:                (*string)(nil),
                defaultTableOptions: {
                },
            },
        },
    },
    createdSequences: {
    },
    alteredSequences: {
    },
    droppedSequences: {
        &assets.Sequence{
            AbstractAsset:  &assets.AbstractAsset{name:"app_user__id__seq", namespace:"", quoted:false},
            allocationSize: 1,
            initialValue:   1,
            cache:          (*int)(nil),
        },
        &assets.Sequence{
            AbstractAsset:  &assets.AbstractAsset{name:"user_profile__id__seq", namespace:"", quoted:false},
            allocationSize: 1,
            initialValue:   1,
            cache:          (*int)(nil),
        },
    },
}